contexts:
  gke:
    channel: stable
    components:
    - meshery-istio
    endpoint: http://localhost:9081
    platform: gke
    token: Default
    version: v0.6.1
  local:
    channel: stable
    components:
    - meshery-istio
    endpoint: http://localhost:9081
    platform: docker
    token: Default
    version: v0.6.9
  local2:
    endpoint: http://localhost:44444
    token: Default
    platform: kubernetes
    components:
    - meshery-istio
    channel: stable
    version: v0.6.9
current-context: local
tokens:
- location: auth.json
  name: Default
