contexts:
  gke:
    endpoint: http://localhost:9081
    token: Default
    platform: testplatform
    components:
    - meshery-istio
    channel: stable
    version: v0.6.1
  local:
    channel: stable
    components:
    - meshery-istio
    endpoint: http://localhost:9081
    platform: docker
    token: Default
    version: v0.6.9
current-context: local
tokens:
- location: auth.json
  name: Default
