Error: Could not delete token "Default2" from config: Unsupported Config Type ""
