Available tokens: 
Default
Default2
Default3
Default4
