Token unspecified. Displaying token for current context "local"

token: Default
location: auth.json
